-------- Results for ./results/straight_line/solution_zero --------
./results/straight_line/solution_zero/1_square.json: ERROR
./results/straight_line/solution_zero/2_square.json: ERROR
TOTAL: 0
